src/controllers/esgLiveDocument.controller.ts(170,39): error TS2339: Property 'totalCo2e' does not exist on type '{}'.
src/controllers/esgLiveDocument.controller.ts(171,36): error TS2339: Property 'scope1' does not exist on type '{}'.
src/controllers/esgLiveDocument.controller.ts(172,36): error TS2339: Property 'scope2' does not exist on type '{}'.
src/controllers/esgLiveDocument.controller.ts(173,36): error TS2339: Property 'scope3' does not exist on type '{}'.
src/controllers/esgLiveDocument.controller.ts(174,28): error TS2339: Property 'breakdown' does not exist on type '{}'.
